// Jest Snapshot v1, https://goo.gl/fbAQLP

exports[`Pagination component 
  type: "basic", page: 10, totalPages: 50, onPageChange: "[Function]"
 1`] = `
<DocumentFragment>
  <div
    class="Pagination Pagination--basic"
    data-test="DesignSystem-Pagination"
  >
    <div
      class="Pagination-buttonWrapper Pagination-buttonWrapper--previous"
    >
      <button
        class="Button Button--regular Button--regularSquare Button--transparent"
        data-test="DesignSystem-Pagination--FirstButton"
        tabindex="0"
      >
        <div
          class="Button-icon"
        >
          <i
            class="material-icons material-icons-round Icon Icon--default"
            data-test="DesignSystem-Button--Icon"
            role="button"
            style="font-size: 16px; width: 16px;"
          >
            first_page_round
          </i>
        </div>
      </button>
      <button
        class="Button Button--regular Button--regularSquare Button--basic ml-4 mr-3"
        data-test="DesignSystem-Pagination--PrevButton"
        tabindex="0"
      >
        <div
          class="Button-icon"
        >
          <i
            class="material-icons material-icons-round Icon Icon--default"
            data-test="DesignSystem-Button--Icon"
            role="button"
            style="font-size: 16px; width: 16px;"
          >
            navigate_before_round
          </i>
        </div>
      </button>
    </div>
    <div
      class="Pagination-buttonWrapper Pagination-buttonWrapper--next"
    >
      <button
        class="Button Button--regular Button--regularSquare Button--basic mr-4 ml-3"
        data-test="DesignSystem-Pagination--NextButton"
        tabindex="0"
      >
        <div
          class="Button-icon"
        >
          <i
            class="material-icons material-icons-round Icon Icon--default"
            data-test="DesignSystem-Button--Icon"
            role="button"
            style="font-size: 16px; width: 16px;"
          >
            navigate_next_round
          </i>
        </div>
      </button>
      <button
        class="Button Button--regular Button--regularSquare Button--transparent"
        data-test="DesignSystem-Pagination--LastButton"
        tabindex="0"
      >
        <div
          class="Button-icon"
        >
          <i
            class="material-icons material-icons-round Icon Icon--default"
            data-test="DesignSystem-Button--Icon"
            role="button"
            style="font-size: 16px; width: 16px;"
          >
            last_page_round
          </i>
        </div>
      </button>
    </div>
  </div>
</DocumentFragment>
`;

exports[`Pagination component 
  type: "jump", page: 10, totalPages: 50, onPageChange: "[Function]"
 1`] = `
<DocumentFragment>
  <div
    class="Pagination Pagination--jump"
    data-test="DesignSystem-Pagination"
  >
    <div
      class="Pagination-buttonWrapper Pagination-buttonWrapper--previous"
    >
      <button
        class="Button Button--regular Button--regularSquare Button--transparent"
        data-test="DesignSystem-Pagination--FirstButton"
        tabindex="0"
      >
        <div
          class="Button-icon"
        >
          <i
            class="material-icons material-icons-round Icon Icon--default"
            data-test="DesignSystem-Button--Icon"
            role="button"
            style="font-size: 16px; width: 16px;"
          >
            first_page_round
          </i>
        </div>
      </button>
      <button
        class="Button Button--regular Button--regularSquare Button--basic ml-4 mr-3"
        data-test="DesignSystem-Pagination--PrevButton"
        tabindex="0"
      >
        <div
          class="Button-icon"
        >
          <i
            class="material-icons material-icons-round Icon Icon--default"
            data-test="DesignSystem-Button--Icon"
            role="button"
            style="font-size: 16px; width: 16px;"
          >
            navigate_before_round
          </i>
        </div>
      </button>
    </div>
    <div
      class="Pagination-pageIndex"
    >
      <div
        class="MetricInput MetricInput--regular Pagination-MetricInput"
        data-test="DesignSystem-MetricInputWrapper"
        role="presentation"
      >
        <input
          class="MetricInput-input MetricInput-input--regular"
          data-test="DesignSystem-Pagination--Input"
          name="page"
          type="number"
          value="10"
        />
        <div>
          <button
            class="Button Button--tiny Button--tinySquare Button--basic p-0 MetricInput-arrowIcon--regular mb-2"
            data-test="DesignSystem-MetricInput--upIcon"
            tabindex="0"
          >
            <div
              class="Button-icon"
            >
              <i
                class="material-icons material-icons-round Icon Icon--default"
                data-test="DesignSystem-Button--Icon"
                role="button"
                style="font-size: 12px; width: 12px;"
              >
                keyboard_arrow_up_round
              </i>
            </div>
          </button>
          <button
            class="Button Button--tiny Button--tinySquare Button--basic p-0 MetricInput-arrowIcon--regular"
            data-test="DesignSystem-MetricInput--downIcon"
            tabindex="0"
          >
            <div
              class="Button-icon"
            >
              <i
                class="material-icons material-icons-round Icon Icon--default"
                data-test="DesignSystem-Button--Icon"
                role="button"
                style="font-size: 12px; width: 12px;"
              >
                keyboard_arrow_down_round
              </i>
            </div>
          </button>
        </div>
      </div>
      <span
        class="Text Text--default Text--regular"
        data-test="DesignSystem-Text"
      >
         of 50 pages
      </span>
    </div>
    <div
      class="Pagination-buttonWrapper Pagination-buttonWrapper--next"
    >
      <button
        class="Button Button--regular Button--regularSquare Button--basic mr-4 ml-3"
        data-test="DesignSystem-Pagination--NextButton"
        tabindex="0"
      >
        <div
          class="Button-icon"
        >
          <i
            class="material-icons material-icons-round Icon Icon--default"
            data-test="DesignSystem-Button--Icon"
            role="button"
            style="font-size: 16px; width: 16px;"
          >
            navigate_next_round
          </i>
        </div>
      </button>
      <button
        class="Button Button--regular Button--regularSquare Button--transparent"
        data-test="DesignSystem-Pagination--LastButton"
        tabindex="0"
      >
        <div
          class="Button-icon"
        >
          <i
            class="material-icons material-icons-round Icon Icon--default"
            data-test="DesignSystem-Button--Icon"
            role="button"
            style="font-size: 16px; width: 16px;"
          >
            last_page_round
          </i>
        </div>
      </button>
    </div>
  </div>
</DocumentFragment>
`;
