// Jest Snapshot v1, https://goo.gl/fbAQLP

exports[`Dropzone component snapshot 
  formatLabel: "Accepted formats: PDF, JPG", sizeLabel: "Maximum size: 30 MB", disabled: false, type: "compressed"
 1`] = `
<DocumentFragment>
  <div
    class="Dropzone Dropzone--compressed"
    data-test="DesignSystem-Dropzone"
  >
    <svg
      class="Dropzone-icon--compressed"
      fill="none"
    >
      <path
        class="Dropzone-icon--default"
        d="M48.875 40.375v8h-32v-8H11.5v8c0 2.875 2.5 5.375 5.375 5.375h32c2.875 0 5.375-2.5 5.375-5.375v-8h-5.375zM46.25 29.75L42.5 26l-7 6.875V11h-5.25v21.875l-7-6.875-3.75 3.75L32.875 43 46.25 29.75z"
      />
    </svg>
    <div
      class="DropzoneWrapper DropzoneWrapper--compressed"
      data-test="DesignSystem-Dropzone-Wrapper"
    >
      <span>
        <span
          class="Text Text--default Text--strong Text--large mr-2"
          data-test="DesignSystem-Text"
        >
          Drag your files here or
        </span>
        <span
          aria-label="Drag your files here or click to select files"
          class="Text Text--link Text--strong Text--large ml-2 cursor-pointer"
          data-test="DesignSystem-Text"
          role="button"
          tabindex="0"
        >
          browse files
        </span>
        <input
          autocomplete="off"
          multiple=""
          style="display: none;"
          tabindex="-1"
          type="file"
        />
      </span>
      <span
        class="Text Text--subtle Text--regular"
        data-test="DesignSystem-Text"
      >
        Accepted formats: PDF, JPG
      </span>
      <span
        class="Text Text--subtle Text--regular"
        data-test="DesignSystem-Text"
      >
        Maximum size: 30 MB
      </span>
    </div>
  </div>
</DocumentFragment>
`;

exports[`Dropzone component snapshot 
  formatLabel: "Accepted formats: PDF, JPG", sizeLabel: "Maximum size: 30 MB", disabled: false, type: "standard"
 1`] = `
<DocumentFragment>
  <div
    class="Dropzone Dropzone--standard"
    data-test="DesignSystem-Dropzone"
  >
    <svg
      class="Dropzone-icon--standard"
      fill="none"
    >
      <path
        class="Dropzone-icon--default"
        d="M48.875 40.375v8h-32v-8H11.5v8c0 2.875 2.5 5.375 5.375 5.375h32c2.875 0 5.375-2.5 5.375-5.375v-8h-5.375zM46.25 29.75L42.5 26l-7 6.875V11h-5.25v21.875l-7-6.875-3.75 3.75L32.875 43 46.25 29.75z"
      />
    </svg>
    <div
      class="DropzoneWrapper DropzoneWrapper--standard"
      data-test="DesignSystem-Dropzone-Wrapper"
    >
      <span>
        <span
          class="Text Text--default Text--strong Text--large mr-2"
          data-test="DesignSystem-Text"
        >
          Drag your files here or
        </span>
        <span
          aria-label="Drag your files here or click to select files"
          class="Text Text--link Text--strong Text--large ml-2 cursor-pointer"
          data-test="DesignSystem-Text"
          role="button"
          tabindex="0"
        >
          browse files
        </span>
        <input
          autocomplete="off"
          multiple=""
          style="display: none;"
          tabindex="-1"
          type="file"
        />
      </span>
      <span
        class="Text Text--subtle Text--regular"
        data-test="DesignSystem-Text"
      >
        Accepted formats: PDF, JPG
      </span>
      <span
        class="Text Text--subtle Text--regular"
        data-test="DesignSystem-Text"
      >
        Maximum size: 30 MB
      </span>
    </div>
  </div>
</DocumentFragment>
`;

exports[`Dropzone component snapshot 
  formatLabel: "Accepted formats: PDF, JPG", sizeLabel: "Maximum size: 30 MB", disabled: false, type: "tight"
 1`] = `
<DocumentFragment>
  <div
    class="Dropzone Dropzone--tight"
    data-test="DesignSystem-Dropzone"
  >
    <div
      class="DropzoneWrapper DropzoneWrapper--tight"
      data-test="DesignSystem-Dropzone-Wrapper"
    >
      <span>
        <span
          class="Text Text--default Text--strong Text--large mr-2"
          data-test="DesignSystem-Text"
        >
          Drag your files here or
        </span>
        <span
          aria-label="Drag your files here or click to select files"
          class="Text Text--link Text--strong Text--large ml-2 cursor-pointer"
          data-test="DesignSystem-Text"
          role="button"
          tabindex="0"
        >
          browse files
        </span>
        <input
          autocomplete="off"
          multiple=""
          style="display: none;"
          tabindex="-1"
          type="file"
        />
      </span>
      <span
        class="Text Text--subtle Text--regular"
        data-test="DesignSystem-Text"
      >
        Accepted formats: PDF, JPG
      </span>
      <span
        class="Text Text--subtle Text--regular"
        data-test="DesignSystem-Text"
      >
        Maximum size: 30 MB
      </span>
    </div>
  </div>
</DocumentFragment>
`;

exports[`Dropzone component snapshot 
  formatLabel: "Accepted formats: PDF, JPG", sizeLabel: "Maximum size: 30 MB", disabled: true, type: "compressed"
 1`] = `
<DocumentFragment>
  <div
    class="Dropzone Dropzone--compressed Dropzone--disabled"
    data-test="DesignSystem-Dropzone"
  >
    <svg
      class="Dropzone-icon--compressed"
      fill="none"
    >
      <path
        class="Dropzone-icon--disabled"
        d="M48.875 40.375v8h-32v-8H11.5v8c0 2.875 2.5 5.375 5.375 5.375h32c2.875 0 5.375-2.5 5.375-5.375v-8h-5.375zM46.25 29.75L42.5 26l-7 6.875V11h-5.25v21.875l-7-6.875-3.75 3.75L32.875 43 46.25 29.75z"
      />
    </svg>
    <div
      class="DropzoneWrapper DropzoneWrapper--compressed"
      data-test="DesignSystem-Dropzone-Wrapper"
    >
      <span>
        <span
          class="Text Text--disabled Text--strong Text--large mr-2"
          data-test="DesignSystem-Text"
        >
          Drag your files here or
        </span>
        <span
          aria-label="Drag your files here or click to select files"
          class="Text Text--disabled Text--strong Text--large ml-2 cursor-pointer"
          data-test="DesignSystem-Text"
          role="button"
          tabindex="-1"
        >
          browse files
        </span>
        <input
          autocomplete="off"
          multiple=""
          style="display: none;"
          tabindex="-1"
          type="file"
        />
      </span>
      <span
        class="Text Text--disabled Text--regular"
        data-test="DesignSystem-Text"
      >
        Accepted formats: PDF, JPG
      </span>
      <span
        class="Text Text--disabled Text--regular"
        data-test="DesignSystem-Text"
      >
        Maximum size: 30 MB
      </span>
    </div>
  </div>
</DocumentFragment>
`;

exports[`Dropzone component snapshot 
  formatLabel: "Accepted formats: PDF, JPG", sizeLabel: "Maximum size: 30 MB", disabled: true, type: "standard"
 1`] = `
<DocumentFragment>
  <div
    class="Dropzone Dropzone--standard Dropzone--disabled"
    data-test="DesignSystem-Dropzone"
  >
    <svg
      class="Dropzone-icon--standard"
      fill="none"
    >
      <path
        class="Dropzone-icon--disabled"
        d="M48.875 40.375v8h-32v-8H11.5v8c0 2.875 2.5 5.375 5.375 5.375h32c2.875 0 5.375-2.5 5.375-5.375v-8h-5.375zM46.25 29.75L42.5 26l-7 6.875V11h-5.25v21.875l-7-6.875-3.75 3.75L32.875 43 46.25 29.75z"
      />
    </svg>
    <div
      class="DropzoneWrapper DropzoneWrapper--standard"
      data-test="DesignSystem-Dropzone-Wrapper"
    >
      <span>
        <span
          class="Text Text--disabled Text--strong Text--large mr-2"
          data-test="DesignSystem-Text"
        >
          Drag your files here or
        </span>
        <span
          aria-label="Drag your files here or click to select files"
          class="Text Text--disabled Text--strong Text--large ml-2 cursor-pointer"
          data-test="DesignSystem-Text"
          role="button"
          tabindex="-1"
        >
          browse files
        </span>
        <input
          autocomplete="off"
          multiple=""
          style="display: none;"
          tabindex="-1"
          type="file"
        />
      </span>
      <span
        class="Text Text--disabled Text--regular"
        data-test="DesignSystem-Text"
      >
        Accepted formats: PDF, JPG
      </span>
      <span
        class="Text Text--disabled Text--regular"
        data-test="DesignSystem-Text"
      >
        Maximum size: 30 MB
      </span>
    </div>
  </div>
</DocumentFragment>
`;

exports[`Dropzone component snapshot 
  formatLabel: "Accepted formats: PDF, JPG", sizeLabel: "Maximum size: 30 MB", disabled: true, type: "tight"
 1`] = `
<DocumentFragment>
  <div
    class="Dropzone Dropzone--tight Dropzone--disabled"
    data-test="DesignSystem-Dropzone"
  >
    <div
      class="DropzoneWrapper DropzoneWrapper--tight"
      data-test="DesignSystem-Dropzone-Wrapper"
    >
      <span>
        <span
          class="Text Text--disabled Text--strong Text--large mr-2"
          data-test="DesignSystem-Text"
        >
          Drag your files here or
        </span>
        <span
          aria-label="Drag your files here or click to select files"
          class="Text Text--disabled Text--strong Text--large ml-2 cursor-pointer"
          data-test="DesignSystem-Text"
          role="button"
          tabindex="-1"
        >
          browse files
        </span>
        <input
          autocomplete="off"
          multiple=""
          style="display: none;"
          tabindex="-1"
          type="file"
        />
      </span>
      <span
        class="Text Text--disabled Text--regular"
        data-test="DesignSystem-Text"
      >
        Accepted formats: PDF, JPG
      </span>
      <span
        class="Text Text--disabled Text--regular"
        data-test="DesignSystem-Text"
      >
        Maximum size: 30 MB
      </span>
    </div>
  </div>
</DocumentFragment>
`;

exports[`Dropzone component snapshot 
  maxSize: 300, minSize: 50, preventDropOnDocument: false, multiple: false
 1`] = `
<DocumentFragment>
  <div
    class="Dropzone Dropzone--standard"
    data-test="DesignSystem-Dropzone"
  >
    <svg
      class="Dropzone-icon--standard"
      fill="none"
    >
      <path
        class="Dropzone-icon--default"
        d="M48.875 40.375v8h-32v-8H11.5v8c0 2.875 2.5 5.375 5.375 5.375h32c2.875 0 5.375-2.5 5.375-5.375v-8h-5.375zM46.25 29.75L42.5 26l-7 6.875V11h-5.25v21.875l-7-6.875-3.75 3.75L32.875 43 46.25 29.75z"
      />
    </svg>
    <div
      class="DropzoneWrapper DropzoneWrapper--standard"
      data-test="DesignSystem-Dropzone-Wrapper"
    >
      <span>
        <span
          class="Text Text--default Text--strong Text--large mr-2"
          data-test="DesignSystem-Text"
        >
          Drag your files here or
        </span>
        <span
          aria-label="Drag your files here or click to select files"
          class="Text Text--link Text--strong Text--large ml-2 cursor-pointer"
          data-test="DesignSystem-Text"
          role="button"
          tabindex="0"
        >
          browse files
        </span>
        <input
          autocomplete="off"
          style="display: none;"
          tabindex="-1"
          type="file"
        />
      </span>
    </div>
  </div>
</DocumentFragment>
`;

exports[`Dropzone component snapshot 
  maxSize: 300, minSize: 50, preventDropOnDocument: false, multiple: true
 1`] = `
<DocumentFragment>
  <div
    class="Dropzone Dropzone--standard"
    data-test="DesignSystem-Dropzone"
  >
    <svg
      class="Dropzone-icon--standard"
      fill="none"
    >
      <path
        class="Dropzone-icon--default"
        d="M48.875 40.375v8h-32v-8H11.5v8c0 2.875 2.5 5.375 5.375 5.375h32c2.875 0 5.375-2.5 5.375-5.375v-8h-5.375zM46.25 29.75L42.5 26l-7 6.875V11h-5.25v21.875l-7-6.875-3.75 3.75L32.875 43 46.25 29.75z"
      />
    </svg>
    <div
      class="DropzoneWrapper DropzoneWrapper--standard"
      data-test="DesignSystem-Dropzone-Wrapper"
    >
      <span>
        <span
          class="Text Text--default Text--strong Text--large mr-2"
          data-test="DesignSystem-Text"
        >
          Drag your files here or
        </span>
        <span
          aria-label="Drag your files here or click to select files"
          class="Text Text--link Text--strong Text--large ml-2 cursor-pointer"
          data-test="DesignSystem-Text"
          role="button"
          tabindex="0"
        >
          browse files
        </span>
        <input
          autocomplete="off"
          multiple=""
          style="display: none;"
          tabindex="-1"
          type="file"
        />
      </span>
    </div>
  </div>
</DocumentFragment>
`;

exports[`Dropzone component snapshot 
  maxSize: 300, minSize: 50, preventDropOnDocument: true, multiple: false
 1`] = `
<DocumentFragment>
  <div
    class="Dropzone Dropzone--standard"
    data-test="DesignSystem-Dropzone"
  >
    <svg
      class="Dropzone-icon--standard"
      fill="none"
    >
      <path
        class="Dropzone-icon--default"
        d="M48.875 40.375v8h-32v-8H11.5v8c0 2.875 2.5 5.375 5.375 5.375h32c2.875 0 5.375-2.5 5.375-5.375v-8h-5.375zM46.25 29.75L42.5 26l-7 6.875V11h-5.25v21.875l-7-6.875-3.75 3.75L32.875 43 46.25 29.75z"
      />
    </svg>
    <div
      class="DropzoneWrapper DropzoneWrapper--standard"
      data-test="DesignSystem-Dropzone-Wrapper"
    >
      <span>
        <span
          class="Text Text--default Text--strong Text--large mr-2"
          data-test="DesignSystem-Text"
        >
          Drag your files here or
        </span>
        <span
          aria-label="Drag your files here or click to select files"
          class="Text Text--link Text--strong Text--large ml-2 cursor-pointer"
          data-test="DesignSystem-Text"
          role="button"
          tabindex="0"
        >
          browse files
        </span>
        <input
          autocomplete="off"
          style="display: none;"
          tabindex="-1"
          type="file"
        />
      </span>
    </div>
  </div>
</DocumentFragment>
`;

exports[`Dropzone component snapshot 
  maxSize: 300, minSize: 50, preventDropOnDocument: true, multiple: true
 1`] = `
<DocumentFragment>
  <div
    class="Dropzone Dropzone--standard"
    data-test="DesignSystem-Dropzone"
  >
    <svg
      class="Dropzone-icon--standard"
      fill="none"
    >
      <path
        class="Dropzone-icon--default"
        d="M48.875 40.375v8h-32v-8H11.5v8c0 2.875 2.5 5.375 5.375 5.375h32c2.875 0 5.375-2.5 5.375-5.375v-8h-5.375zM46.25 29.75L42.5 26l-7 6.875V11h-5.25v21.875l-7-6.875-3.75 3.75L32.875 43 46.25 29.75z"
      />
    </svg>
    <div
      class="DropzoneWrapper DropzoneWrapper--standard"
      data-test="DesignSystem-Dropzone-Wrapper"
    >
      <span>
        <span
          class="Text Text--default Text--strong Text--large mr-2"
          data-test="DesignSystem-Text"
        >
          Drag your files here or
        </span>
        <span
          aria-label="Drag your files here or click to select files"
          class="Text Text--link Text--strong Text--large ml-2 cursor-pointer"
          data-test="DesignSystem-Text"
          role="button"
          tabindex="0"
        >
          browse files
        </span>
        <input
          autocomplete="off"
          multiple=""
          style="display: none;"
          tabindex="-1"
          type="file"
        />
      </span>
    </div>
  </div>
</DocumentFragment>
`;
